{
	"data": [
		{
			"attributes": {},
			"id": "id1",
			"links": {
				"self": "https://example.org/mocktype/id1"
			},
			"relationships": {},
			"type": "mocktype"
		},
		{
			"attributes": {},
			"id": "id2",
			"links": {
				"self": "https://example.org/mocktype/id2"
			},
			"relationships": {},
			"type": "mocktype"
		},
		{
			"attributes": {},
			"id": "id3",
			"links": {
				"self": "https://example.org/mocktype/id3"
			},
			"relationships": {},
			"type": "mocktype"
		}
	],
	"jsonapi": {
		"version": "1.0"
	},
	"links": {
		"self": "https://example.org/fake/path?fields%5Bmocktype%5D=bool%2Cint%2Cstr%2Ctime%2Cto-1%2Cto-x-from-1%2Cuint64"
	}
}