{
	"data": {
		"attributes": {},
		"id": "id1",
		"links": {
			"self": "/mocktype/id1"
		},
		"relationships": {},
		"type": "mocktype"
	},
	"jsonapi": {
		"version": "1.0"
	},
	"links": {
		"self": "/fake/path?fields%5Bmocktype%"
	}
}